// Jest Snapshot v1, https://goo.gl/fbAQLP

exports[`Resources 1`] = `
Object {
  "Resources": Object {
    "BucketNotificationsHandler050a0587b7544547bf325f094a3db8347ECC3691": Object {
      "DependsOn": Array [
        "BucketNotificationsHandler050a0587b7544547bf325f094a3db834RoleDefaultPolicy2CF63D36",
        "BucketNotificationsHandler050a0587b7544547bf325f094a3db834RoleB6FB88EC",
      ],
      "Properties": Object {
        "Code": Object {
          "ZipFile": "exports.handler = (event, context) => {
    // eslint-disable-next-line @typescript-eslint/no-require-imports, import/no-extraneous-dependencies
    const s3 = new (require('aws-sdk').S3)();
    // eslint-disable-next-line @typescript-eslint/no-require-imports
    const https = require('https');
    // eslint-disable-next-line @typescript-eslint/no-require-imports
    const url = require('url');
    log(JSON.stringify(event, undefined, 2));
    const props = event.ResourceProperties;
    if (event.RequestType === 'Delete') {
        props.NotificationConfiguration = {}; // this is how you clean out notifications
    }
    const req = {
        Bucket: props.BucketName,
        NotificationConfiguration: props.NotificationConfiguration,
    };
    return s3.putBucketNotificationConfiguration(req, (err, data) => {
        log({ err, data });
        if (err) {
            return submitResponse('FAILED', err.message + \`\\\\nMore information in CloudWatch Log Stream: \${context.logStreamName}\`);
        }
        else {
            return submitResponse('SUCCESS');
        }
    });
    function log(obj) {
        console.error(event.RequestId, event.StackId, event.LogicalResourceId, obj);
    }
    // tslint:disable-next-line:max-line-length
    // adapted from https://docs.aws.amazon.com/AWSCloudFormation/latest/UserGuide/aws-properties-lambda-function-code.html#cfn-lambda-function-code-cfnresponsemodule
    // to allow sending an error messge as a reason.
    function submitResponse(responseStatus, reason) {
        const responseBody = JSON.stringify({
            Status: responseStatus,
            Reason: reason || 'See the details in CloudWatch Log Stream: ' + context.logStreamName,
            PhysicalResourceId: event.PhysicalResourceId || event.LogicalResourceId,
            StackId: event.StackId,
            RequestId: event.RequestId,
            LogicalResourceId: event.LogicalResourceId,
            NoEcho: false,
        });
        log({ responseBody });
        const parsedUrl = url.parse(event.ResponseURL);
        const options = {
            hostname: parsedUrl.hostname,
            port: 443,
            path: parsedUrl.path,
            method: 'PUT',
            headers: {
                'content-type': '',
                'content-length': responseBody.length,
            },
        };
        const request = https.request(options, (r) => {
            log({ statusCode: r.statusCode, statusMessage: r.statusMessage });
            context.done();
        });
        request.on('error', (error) => {
            log({ sendError: error });
            context.done();
        });
        request.write(responseBody);
        request.end();
    }
};",
        },
        "Description": "AWS CloudFormation handler for \\"Custom::S3BucketNotifications\\" resources (@aws-cdk/aws-s3)",
        "Handler": "index.handler",
        "Role": Object {
          "Fn::GetAtt": Array [
            "BucketNotificationsHandler050a0587b7544547bf325f094a3db834RoleB6FB88EC",
            "Arn",
          ],
        },
        "Runtime": "nodejs10.x",
        "Timeout": 300,
      },
      "Type": "AWS::Lambda::Function",
    },
    "BucketNotificationsHandler050a0587b7544547bf325f094a3db834RoleB6FB88EC": Object {
      "Properties": Object {
        "AssumeRolePolicyDocument": Object {
          "Statement": Array [
            Object {
              "Action": "sts:AssumeRole",
              "Effect": "Allow",
              "Principal": Object {
                "Service": "lambda.amazonaws.com",
              },
            },
          ],
          "Version": "2012-10-17",
        },
        "ManagedPolicyArns": Array [
          Object {
            "Fn::Join": Array [
              "",
              Array [
                "arn:",
                Object {
                  "Ref": "AWS::Partition",
                },
                ":iam::aws:policy/service-role/AWSLambdaBasicExecutionRole",
              ],
            ],
          },
        ],
      },
      "Type": "AWS::IAM::Role",
    },
    "BucketNotificationsHandler050a0587b7544547bf325f094a3db834RoleDefaultPolicy2CF63D36": Object {
      "Properties": Object {
        "PolicyDocument": Object {
          "Statement": Array [
            Object {
              "Action": "s3:PutBucketNotification",
              "Effect": "Allow",
              "Resource": "*",
            },
          ],
          "Version": "2012-10-17",
        },
        "PolicyName": "BucketNotificationsHandler050a0587b7544547bf325f094a3db834RoleDefaultPolicy2CF63D36",
        "Roles": Array [
          Object {
            "Ref": "BucketNotificationsHandler050a0587b7544547bf325f094a3db834RoleB6FB88EC",
          },
        ],
      },
      "Type": "AWS::IAM::Policy",
    },
    "WidgetsBucketC42673D0": Object {
      "DeletionPolicy": "Retain",
      "Type": "AWS::S3::Bucket",
      "UpdateReplacePolicy": "Retain",
    },
    "WidgetsBucketNotificationsC3FA1898": Object {
      "DependsOn": Array [
        "WidgetsQueuePolicy08B27299",
        "WidgetsQueue1276CE6B",
      ],
      "Properties": Object {
        "BucketName": Object {
          "Ref": "WidgetsBucketC42673D0",
        },
        "NotificationConfiguration": Object {
          "QueueConfigurations": Array [
            Object {
              "Events": Array [
                "s3:ObjectCreated:*",
              ],
              "QueueArn": Object {
                "Fn::GetAtt": Array [
                  "WidgetsQueue1276CE6B",
                  "Arn",
                ],
              },
            },
          ],
        },
        "ServiceToken": Object {
          "Fn::GetAtt": Array [
            "BucketNotificationsHandler050a0587b7544547bf325f094a3db8347ECC3691",
            "Arn",
          ],
        },
      },
      "Type": "Custom::S3BucketNotifications",
    },
    "WidgetsQueue1276CE6B": Object {
      "Type": "AWS::SQS::Queue",
    },
    "WidgetsQueuePolicy08B27299": Object {
      "Properties": Object {
        "PolicyDocument": Object {
          "Statement": Array [
            Object {
              "Action": Array [
                "sqs:SendMessage",
                "sqs:GetQueueAttributes",
                "sqs:GetQueueUrl",
              ],
              "Condition": Object {
                "ArnLike": Object {
                  "aws:SourceArn": Object {
                    "Fn::GetAtt": Array [
                      "WidgetsBucketC42673D0",
                      "Arn",
                    ],
                  },
                },
              },
              "Effect": "Allow",
              "Principal": Object {
                "Service": "s3.amazonaws.com",
              },
              "Resource": Object {
                "Fn::GetAtt": Array [
                  "WidgetsQueue1276CE6B",
                  "Arn",
                ],
              },
            },
          ],
          "Version": "2012-10-17",
        },
        "Queues": Array [
          Object {
            "Ref": "WidgetsQueue1276CE6B",
          },
        ],
      },
      "Type": "AWS::SQS::QueuePolicy",
    },
    "WidgetsUserDA0648FF": Object {
      "Properties": Object {
        "UserName": "migrationUser",
      },
      "Type": "AWS::IAM::User",
    },
    "WidgetsUserDefaultPolicyAA5B1E62": Object {
      "Properties": Object {
        "PolicyDocument": Object {
          "Statement": Array [
            Object {
              "Action": Array [
                "sqs:ReceiveMessage",
                "sqs:ChangeMessageVisibility",
                "sqs:GetQueueUrl",
                "sqs:DeleteMessage",
                "sqs:GetQueueAttributes",
              ],
              "Effect": "Allow",
              "Resource": Object {
                "Fn::GetAtt": Array [
                  "WidgetsQueue1276CE6B",
                  "Arn",
                ],
              },
            },
          ],
          "Version": "2012-10-17",
        },
        "PolicyName": "WidgetsUserDefaultPolicyAA5B1E62",
        "Users": Array [
          Object {
            "Ref": "WidgetsUserDA0648FF",
          },
        ],
      },
      "Type": "AWS::IAM::Policy",
    },
  },
}
`;
